
> m5-sw-t@0.1.0 build
> next build

node.exe :  ΓÜá 
Specified "rewrites" 
will not automatically 
work with "output: 
export". See more info 
here: https://nextjs.or
g/docs/messages/export-
no-custom-routes
At line:1 char:1
+ & "C:\Program 
Files\nodejs/node.exe" 
"C:\Users\HarmanjeetM5C
\AppData\ ...
+ ~~~~~~~~~~~~~~~~~~~~~
~~~~~~~~~~~~~~~~~~~~~~~
~~~~~~~~~~~~~~~~~~~~~~~
~~
    + CategoryInfo     
         : NotSpecifi  
  ed: ( ΓÜá Specifie   
 d ...o-custom-rout    
es:String) [], Rem    
oteException
    + FullyQualifiedEr 
   rorId : NativeComm  
  andError
 
 ΓÜá Specified 
"rewrites" will not 
automatically work 
with "output: export". 
See more info here: htt
ps://nextjs.org/docs/me
ssages/export-no-custom
-routes
  Γû▓ Next.js 14.2.13
  - Environments: .env.local

   Creating an optimized production build ...
 ΓÜá Specified 
"rewrites" will not 
automatically work 
with "output: export". 
See more info here: htt
ps://nextjs.org/docs/me
ssages/export-no-custom
-routes
 ΓÜá Specified 
"rewrites" will not 
automatically work 
with "output: export". 
See more info here: htt
ps://nextjs.org/docs/me
ssages/export-no-custom
-routes
 ΓÜá Specified 
"rewrites" will not 
automatically work 
with "output: export". 
See more info here: htt
ps://nextjs.org/docs/me
ssages/export-no-custom
-routes
 Γ£ô Compiled successfully
   Skipping linting
   Checking validity of types ...
   Collecting page data ...
   Generating static pages (0/137) ...
   Generating static pages (34/137) 
   Generating static pages (68/137) 
ReferenceError: 
loading is not defined
    at p (C:\Users\Harm
anjeetM5C\Documents\Git
Hub\m5-software\.next\s
erver\app\pages\month-s
ale\page.js:2:8563)
    at nj (C:\Users\Har
manjeetM5C\Documents\Gi
tHub\m5-software\node_m
odules\next\dist\compil
ed\next-server\app-page
.runtime.prod.js:12:462
51)
    at nM (C:\Users\Har
manjeetM5C\Documents\Gi
tHub\m5-software\node_m
odules\next\dist\compil
ed\next-server\app-page
.runtime.prod.js:12:475
71)
    at nN (C:\Users\Har
manjeetM5C\Documents\Gi
tHub\m5-software\node_m
odules\next\dist\compil
ed\next-server\app-page
.runtime.prod.js:12:645
46)
    at nI (C:\Users\Har
manjeetM5C\Documents\Gi
tHub\m5-software\node_m
odules\next\dist\compil
ed\next-server\app-page
.runtime.prod.js:12:470
10)
    at nM (C:\Users\Har
manjeetM5C\Documents\Gi
tHub\m5-software\node_m
odules\next\dist\compil
ed\next-server\app-page
.runtime.prod.js:12:477
17)
    at nM (C:\Users\Har
manjeetM5C\Documents\Gi
tHub\m5-software\node_m
odules\next\dist\compil
ed\next-server\app-page
.runtime.prod.js:12:615
46)
    at nN (C:\Users\Har
manjeetM5C\Documents\Gi
tHub\m5-software\node_m
odules\next\dist\compil
ed\next-server\app-page
.runtime.prod.js:12:645
46)
    at nB (C:\Users\Har
manjeetM5C\Documents\Gi
tHub\m5-software\node_m
odules\next\dist\compil
ed\next-server\app-page
.runtime.prod.js:12:675
38)
    at nD (C:\Users\Har
manjeetM5C\Documents\Gi
tHub\m5-software\node_m
odules\next\dist\compil
ed\next-server\app-page
.runtime.prod.js:12:666
80) {
  digest: '1948613157'
}

Error occurred 
prerendering page 
"/pages/month-sale". 
Read more: https://next
js.org/docs/messages/pr
erender-error

ReferenceError: 
loading is not defined
    at p (C:\Users\Harm
anjeetM5C\Documents\Git
Hub\m5-software\.next\s
erver\app\pages\month-s
ale\page.js:2:8563)
    at nj (C:\Users\Har
manjeetM5C\Documents\Gi
tHub\m5-software\node_m
odules\next\dist\compil
ed\next-server\app-page
.runtime.prod.js:12:462
51)
    at nM (C:\Users\Har
manjeetM5C\Documents\Gi
tHub\m5-software\node_m
odules\next\dist\compil
ed\next-server\app-page
.runtime.prod.js:12:475
71)
    at nN (C:\Users\Har
manjeetM5C\Documents\Gi
tHub\m5-software\node_m
odules\next\dist\compil
ed\next-server\app-page
.runtime.prod.js:12:645
46)
    at nI (C:\Users\Har
manjeetM5C\Documents\Gi
tHub\m5-software\node_m
odules\next\dist\compil
ed\next-server\app-page
.runtime.prod.js:12:470
10)
    at nM (C:\Users\Har
manjeetM5C\Documents\Gi
tHub\m5-software\node_m
odules\next\dist\compil
ed\next-server\app-page
.runtime.prod.js:12:477
17)
    at nM (C:\Users\Har
manjeetM5C\Documents\Gi
tHub\m5-software\node_m
odules\next\dist\compil
ed\next-server\app-page
.runtime.prod.js:12:615
46)
    at nN (C:\Users\Har
manjeetM5C\Documents\Gi
tHub\m5-software\node_m
odules\next\dist\compil
ed\next-server\app-page
.runtime.prod.js:12:645
46)
    at nB (C:\Users\Har
manjeetM5C\Documents\Gi
tHub\m5-software\node_m
odules\next\dist\compil
ed\next-server\app-page
.runtime.prod.js:12:675
38)
    at nD (C:\Users\Har
manjeetM5C\Documents\Gi
tHub\m5-software\node_m
odules\next\dist\compil
ed\next-server\app-page
.runtime.prod.js:12:666
80)
   Generating static pages (102/137) 
 Γ£ô Generating static pages (137/137)

> Export encountered 
errors on following 
paths:
	/pages/month-sale/page
: /pages/month-sale
